// Jest Snapshot v1, https://goo.gl/fbAQLP

exports[`<Container /> should render Container 1`] = `
.c0 {
  display: -webkit-box;
  display: -webkit-flex;
  display: -ms-flexbox;
  display: flex;
  -webkit-box-pack: center;
  -webkit-justify-content: center;
  -ms-flex-pack: center;
  justify-content: center;
  -webkit-align-items: center;
  -webkit-box-align: center;
  -ms-flex-align: center;
  align-items: center;
  height: 100vh;
}

<section
  class="c0"
>
  <h1>
    container
  </h1>
</section>
`;
